// Jest Snapshot v1, https://goo.gl/fbAQLP

exports[`MainMenu画面のスナップショットテスト 1`] = `
<View
  closeOnRowBeginSwipe={false}
  closeOnRowPress={true}
  closeOnScroll={true}
  directionalDistanceChangeThreshold={2}
  disableLeftSwipe={false}
  disableRightSwipe={false}
  leftOpenValue={0}
  previewFirstRow={false}
  recalculateHiddenLayout={false}
  rightOpenValue={0}
  style={Object {}}
  swipeToOpenPercent={50}
>
  <View
    accessible={true}
    isTVSelectable={true}
    onResponderGrant={[Function]}
    onResponderMove={[Function]}
    onResponderRelease={[Function]}
    onResponderTerminate={[Function]}
    onResponderTerminationRequest={[Function]}
    onStartShouldSetResponder={[Function]}
    style={null}
  >
    <View
      style={
        Object {
          "alignItems": "center",
          "backgroundColor": "transparent",
          "borderBottomWidth": 0.5,
          "borderColor": "#c9c9c9",
          "flexDirection": "row",
          "marginLeft": 16,
          "paddingBottom": 13,
          "paddingRight": 16,
          "paddingTop": 13,
        }
      }
    >
      <Text
        accessible={true}
        allowFontScaling={true}
        ellipsizeMode="tail"
        style={
          Object {
            "alignSelf": "center",
            "color": "#000",
            "fontFamily": "System",
            "fontSize": 16,
          }
        }
        uppercase={false}
      >
        グループ管理
      </Text>
    </View>
  </View>
  <View
    accessible={true}
    isTVSelectable={true}
    onResponderGrant={[Function]}
    onResponderMove={[Function]}
    onResponderRelease={[Function]}
    onResponderTerminate={[Function]}
    onResponderTerminationRequest={[Function]}
    onStartShouldSetResponder={[Function]}
    style={null}
  >
    <View
      id="signOut"
      style={
        Object {
          "alignItems": "center",
          "backgroundColor": "transparent",
          "borderBottomWidth": 0.5,
          "borderColor": "#c9c9c9",
          "flexDirection": "row",
          "marginLeft": 16,
          "paddingBottom": 13,
          "paddingRight": 16,
          "paddingTop": 13,
        }
      }
    >
      <Text
        accessible={true}
        allowFontScaling={true}
        ellipsizeMode="tail"
        style={
          Object {
            "alignSelf": "center",
            "color": "#000",
            "fontFamily": "System",
            "fontSize": 16,
          }
        }
        uppercase={false}
      >
        サインアウト
      </Text>
    </View>
  </View>
</View>
`;
